C51 COMPILER V9.54   MAIN                                                                  03/16/2024 21:20:42 PAGE 1   


C51 COMPILER V9.54, COMPILATION OF MODULE MAIN
OBJECT MODULE PLACED IN .\Objects\main.obj
COMPILER INVOKED BY: D:\Keil5C51\C51\BIN\C51.EXE main.c OPTIMIZE(8,SPEED) BROWSE DEBUG OBJECTEXTEND PRINT(.\Listings\mai
                    -n.lst) TABS(2) OBJECT(.\Objects\main.obj)

line level    source

   1          #include <REGX52.H>
   2          
   3          /*
   4          * 数码管数字：0 1 2 3 4 5 6 7 8 9
   5          * COM 显示顺序：dp g f e d c b a
   6          * 0：a1 b1 c1 d1 e1 f1 g0 dp0 -> 0011 1111 -> 0x3F
   7          * 1: a0 b1 c1 d0 e0 f0 g0 dp0 -> 0000 0110 -> 0x06
   8          * 2: a1 b1 c0 d1 e1 f0 g1 dp0 -> 0101 1011 -> 0x5B
   9          * 3: a1 b1 c1 d1 e0 f0 g1 dp0 -> 0100 1111 -> 0x4F
  10          * 4: a0 b1 c1 d0 e0 f1 g1 dp0 -> 0110 0110 -> 0x66
  11          * 5: a1 b0 c1 d1 e0 f1 g1 dp0 -> 0110 1101 -> 0x6D
  12          * 6: a1 b0 c1 d1 e1 f1 g1 dp0 -> 0111 1101 -> 0x7D
  13          * 7: a1 b1 c1 d0 e0 f0 g0 dp0 -> 0000 0111 -> 0x07
  14          * 8: a1 b1 c1 d1 e1 f1 g1 dp0 -> 0111 1111 -> 0x7F
  15          * 9: a1 b1 c1 d1 e0 f1 g1 dp0 -> 0110 1111 -> 0x6F
  16          */
  17          unsigned char nixieTable[] = {0x3F, 0x06, 0x5B, 0x4F, 0x66, 0x6D, 0x7D, 0x07, 0x7F, 0x6F};
  18          
  19          /* 
  20          * 数码管从左往右位置 1~8 显示数字 0~9
  21          * 实际管位：LED8 LED7 LED6 LED5 LED4 LED3 LED2 LED1
  22          */
  23          void nixie(unsigned char location, number) {
  24   1        switch (location) {
  25   2          case 1: P2_4 =1; P2_3 = 1; P2_2 = 1; break;
  26   2          case 2: P2_4 =1; P2_3 = 1; P2_2 = 0; break;
  27   2          case 3: P2_4 =1; P2_3 = 0; P2_2 = 1; break;
  28   2          case 4: P2_4 =1; P2_3 = 0; P2_2 = 0; break;
  29   2          case 5: P2_4 =0; P2_3 = 1; P2_2 = 1; break;
  30   2          case 6: P2_4 =0; P2_3 = 1; P2_2 = 0; break;
  31   2          case 7: P2_4 =0; P2_3 = 0; P2_2 = 1; break;
  32   2          case 8: P2_4 =0; P2_3 = 0; P2_2 = 0; break;
  33   2        }
  34   1        
  35   1        P0 = nixieTable[number];
  36   1      }
  37          
  38          // 静态数码管显示
  39          void main() {
  40   1        /*
  41   1          74HC138 译码器：
  42   1          输入:   P24(C)P23(B)P22(A) (000~111 -> 0~7) ↓ 
  43   1          输出：  Y0   Y1   Y2   Y3   Y4   Y5   Y6   Y7 (1~8) ↓
  44   1          数码管: LED1 LED2 LED3 LED4 LED5 LED6 LED7 LED8
  45   1          */
  46   1          
  47   1          /*
  48   1          74HC245 模块：
  49   1          P0 寄存器 (P00~P07) -> (dp g f e d c b a)
  50   1          COM:
  51   1            __a__
  52   1           |     |
  53   1          f|     |b
  54   1           |__g__|
C51 COMPILER V9.54   MAIN                                                                  03/16/2024 21:20:42 PAGE 2   

  55   1           |     |
  56   1          e|     |c
  57   1           |__d__|.dp
  58   1          _
  59   1          */
  60   1        while (1) {
  61   2          // 1.控制哪个数码管显示
  62   2          // 101 -> Y5 -> LED6
  63   2          // P2_4 = 1;
  64   2          // P2_3 = 0;
  65   2          // P2_2 = 1;
  66   2          
  67   2          /*
  68   2            __a__
  69   2           |     
  70   2          f|     
  71   2           |__g__
  72   2           |     |
  73   2          e|     |c
  74   2           |__d__|.dp
  75   2           
  76   2          显示数字 6:
  77   2          二进制:(dp g f e d c b a) -> (0 1 1 1 1 1 0 1)
  78   2          十六进制：0111 1101 -> 7D
  79   2          */
  80   2          // 2.数码管显示具体的数字
  81   2          // P0 = 0x7D;
  82   2          
  83   2          // 从左往右第 8 个数码管显示数字 9
  84   2          nixie(8, 9);
  85   2        }
  86   1      }


MODULE INFORMATION:   STATIC OVERLAYABLE
   CODE SIZE        =    110    ----
   CONSTANT SIZE    =   ----    ----
   XDATA SIZE       =   ----    ----
   PDATA SIZE       =   ----    ----
   DATA SIZE        =     10    ----
   IDATA SIZE       =   ----    ----
   BIT SIZE         =   ----    ----
END OF MODULE INFORMATION.


C51 COMPILATION COMPLETE.  0 WARNING(S),  0 ERROR(S)
